<?xml version="1.0"?>
<MapIO xmlns:xsi="http://www.w3.org/2001/XMLSchema-instance" xmlns:xsd="http://www.w3.org/2001/XMLSchema">
  <Path>C:\Users\hutab\source\repos\gon6109\sat-template\Map\desert\deert.map</Path>
  <MapName>砂漠</MapName>
  <Size>
    <X>10001</X>
    <Y>1482</Y>
  </Size>
  <CollisionBoxes>
    <CollisionBoxIO>
      <Position>
        <X>24.18719</X>
        <Y>980.3275</Y>
      </Position>
      <Size>
        <X>9976.8125</X>
        <Y>501.6725</Y>
      </Size>
    </CollisionBoxIO>
    <CollisionBoxIO>
      <Position>
        <X>3920.649</X>
        <Y>798.879456</Y>
      </Position>
      <Size>
        <X>38</X>
        <Y>195</Y>
      </Size>
    </CollisionBoxIO>
  </CollisionBoxes>
  <CollisionTriangles />
  <Doors />
  <MapObjects />
  <EventObjects />
  <MapEvents>
    <MapEventIO>
      <Components>
        <TalkComponentIO>
          <TalkElements>
            <ShowCharacterElementIO>
              <CharacterName>test</CharacterName>
              <Index>0</Index>
            </ShowCharacterElementIO>
            <TalkElementIO>
              <CharacterName>test</CharacterName>
              <Text>こんにちは
こんばんわ</Text>
            </TalkElementIO>
            <ChangeDiffElementIO>
              <CharacterName>test</CharacterName>
              <DiffImage>sad</DiffImage>
            </ChangeDiffElementIO>
            <TalkElementIO>
              <CharacterName>test</CharacterName>
              <Text>あいうえお！</Text>
            </TalkElementIO>
          </TalkElements>
        </TalkComponentIO>
      </Components>
      <Actors>
        <ActorIO>
          <ID>-1</ID>
          <Path>Player/new.pc</Path>
          <InitPosition>
            <X>1178</X>
            <Y>904.9525</Y>
          </InitPosition>
        </ActorIO>
      </Actors>
      <Camera>
        <InitPosition>
          <X>300</X>
          <Y>0</Y>
        </InitPosition>
      </Camera>
      <CharacterImagePaths>
        <string>Character/test/test.ci</string>
      </CharacterImagePaths>
      <Position>
        <X>811</X>
        <Y>554</Y>
      </Position>
      <Size>
        <X>437</X>
        <Y>459</Y>
      </Size>
      <PlayerNames>
        <string>Player/new.pc</string>
      </PlayerNames>
      <MoveToPosition>
        <X>0</X>
        <Y>0</Y>
      </MoveToPosition>
      <DoorID>0</DoorID>
      <IsUseDoorID>false</IsUseDoorID>
      <ID>0</ID>
    </MapEventIO>
  </MapEvents>
  <BackGrounds>
    <BackGroundIO>
      <TexturePath>Map/desert/back.png</TexturePath>
      <Position>
        <X>0</X>
        <Y>0</Y>
      </Position>
      <Zoom>1</Zoom>
    </BackGroundIO>
    <BackGroundIO>
      <TexturePath>Map/desert/cloud.png</TexturePath>
      <Position>
        <X>11.33008</X>
        <Y>0.1160183</Y>
      </Position>
      <Zoom>0.2</Zoom>
    </BackGroundIO>
    <BackGroundIO>
      <TexturePath>Map/desert/cloud.png</TexturePath>
      <Position>
        <X>497.366882</X>
        <Y>-165.856018</Y>
      </Position>
      <Zoom>0.4</Zoom>
    </BackGroundIO>
    <BackGroundIO>
      <TexturePath>Map/desert/cloud.png</TexturePath>
      <Position>
        <X>1585.08643</X>
        <Y>313.700256</Y>
      </Position>
      <Zoom>0.2</Zoom>
    </BackGroundIO>
    <BackGroundIO>
      <TexturePath>Map/desert/cloud.png</TexturePath>
      <Position>
        <X>1947.21</X>
        <Y>-45.37398</Y>
      </Position>
      <Zoom>0.4</Zoom>
    </BackGroundIO>
    <BackGroundIO>
      <TexturePath>Map/desert/cloud.png</TexturePath>
      <Position>
        <X>2819.601</X>
        <Y>-37.27097</Y>
      </Position>
      <Zoom>0.3</Zoom>
    </BackGroundIO>
    <BackGroundIO>
      <TexturePath>Map/desert/cloud.png</TexturePath>
      <Position>
        <X>2727.472</X>
        <Y>295.23</Y>
      </Position>
      <Zoom>0.3</Zoom>
    </BackGroundIO>
    <BackGroundIO>
      <TexturePath>Map/desert/cloud.png</TexturePath>
      <Position>
        <X>1476.404</X>
        <Y>-165.0789</Y>
      </Position>
      <Zoom>0.4</Zoom>
    </BackGroundIO>
    <BackGroundIO>
      <TexturePath>Map/desert/cloud.png</TexturePath>
      <Position>
        <X>3394.32813</X>
        <Y>88.9955</Y>
      </Position>
      <Zoom>0.3</Zoom>
    </BackGroundIO>
    <BackGroundIO>
      <TexturePath>Map/desert/cloud.png</TexturePath>
      <Position>
        <X>651.4004</X>
        <Y>73.83365</Y>
      </Position>
      <Zoom>0.3</Zoom>
    </BackGroundIO>
    <BackGroundIO>
      <TexturePath>Map/desert/cloud2.png</TexturePath>
      <Position>
        <X>4132.3457</X>
        <Y>452.183</Y>
      </Position>
      <Zoom>0.45</Zoom>
    </BackGroundIO>
    <BackGroundIO>
      <TexturePath>Map/desert/cloud2.png</TexturePath>
      <Position>
        <X>22.72595</X>
        <Y>458.9486</Y>
      </Position>
      <Zoom>0.45</Zoom>
    </BackGroundIO>
    <BackGroundIO>
      <TexturePath>Map/desert/cloud2.png</TexturePath>
      <Position>
        <X>2867.229</X>
        <Y>377.0329</Y>
      </Position>
      <Zoom>0.46</Zoom>
    </BackGroundIO>
    <BackGroundIO>
      <TexturePath>Map/desert/cloud2.png</TexturePath>
      <Position>
        <X>1548.244</X>
        <Y>429.37</Y>
      </Position>
      <Zoom>0.44</Zoom>
    </BackGroundIO>
    <BackGroundIO>
      <TexturePath>Map/desert/cloud2.png</TexturePath>
      <Position>
        <X>599.848</X>
        <Y>424.1431</Y>
      </Position>
      <Zoom>0.43</Zoom>
    </BackGroundIO>
    <BackGroundIO>
      <TexturePath>Map/desert/semi_back2.png</TexturePath>
      <Position>
        <X>-0.08886503</X>
        <Y>-0.7414396</Y>
      </Position>
      <Zoom>0.6</Zoom>
    </BackGroundIO>
    <BackGroundIO>
      <TexturePath>Map/desert/semi_back1.png</TexturePath>
      <Position>
        <X>0</X>
        <Y>0.19465</Y>
      </Position>
      <Zoom>0.7</Zoom>
    </BackGroundIO>
    <BackGroundIO>
      <TexturePath>Map/desert/middle.png</TexturePath>
      <Position>
        <X>5</X>
        <Y>65</Y>
      </Position>
      <Zoom>1</Zoom>
    </BackGroundIO>
    <BackGroundIO>
      <TexturePath>Map/desert/new.bg</TexturePath>
      <Position>
        <X>675</X>
        <Y>820</Y>
      </Position>
      <Zoom>1</Zoom>
    </BackGroundIO>
    <BackGroundIO>
      <TexturePath>Map/desert/new.bg</TexturePath>
      <Position>
        <X>1720</X>
        <Y>805</Y>
      </Position>
      <Zoom>1</Zoom>
    </BackGroundIO>
    <BackGroundIO>
      <TexturePath>Map/desert/new.bg</TexturePath>
      <Position>
        <X>2565</X>
        <Y>800</Y>
      </Position>
      <Zoom>1</Zoom>
    </BackGroundIO>
    <BackGroundIO>
      <TexturePath>Map/desert/new.bg</TexturePath>
      <Position>
        <X>3620</X>
        <Y>790.000061</Y>
      </Position>
      <Zoom>1</Zoom>
    </BackGroundIO>
  </BackGrounds>
  <CameraRestrictions>
    <CameraRestrictionIO>
      <Position>
        <X>-54.78772</X>
        <Y>1058.804</Y>
      </Position>
      <Size>
        <X>10060.96</X>
        <Y>1323.476</Y>
      </Size>
    </CameraRestrictionIO>
  </CameraRestrictions>
  <SavePoints />
</MapIO>